---
source: rusqlite_migration/src/errors/tests.rs
expression: e.source()
snapshot_kind: text
---
Some(
    Hook(
        "unknown",
    ),
)
