---
source: rusqlite_migration/src/errors/tests.rs
expression: e
snapshot_kind: text
---
rusqlite_migrate error while executing query 'SELECT * FROM table42;': Query is not read-only
