---
source: rusqlite_migration/src/errors/tests.rs
expression: e
snapshot_kind: text
---
error with the specified schema version: Attempt to migrate to version 0 (no version set), which is higher than the highest version currently supported, 0 (no version set).
