---
source: rusqlite_migration/src/errors/tests.rs
expression: e
snapshot_kind: text
---
rusqlite_migrate error: FileLoad("file causing problem")
