---
source: rusqlite_migration/src/errors/tests.rs
expression: e
snapshot_kind: text
---
rusqlite_migrate error: Attempt to use a schema version higher than supported.
