---
source: rusqlite_migration/src/errors/tests.rs
expression: e.source()
snapshot_kind: text
---
Some(
    ForeignKeyCheckError {
        table: "t1",
        rowid: 1,
        parent: "t2",
        fkid: 2,
    },
)
