---
source: rusqlite_migration/src/tests/synch.rs
expression: e
---
rusqlite_migrate error: SpecifiedSchemaVersion(TargetVersionOutOfRange { specified: NoneSet, highest: NoneSet })
