---
source: rusqlite_migration/src/tests/synch.rs
expression: e
---
rusqlite_migrate error: FileLoad("file causing problem")
