---
source: rusqlite_migration/src/tests/synch.rs
expression: e.source()
---
Some(
    InvalidQuery,
)
