---
source: rusqlite_migration/src/tests/synch.rs
expression: e.source()
---
Some(
    ForeignKeyCheckError {
        table: "t1",
        rowid: 1,
        parent: "t2",
        fkid: 2,
    },
)
